2026-09-13 18:05:35.002: [INFO] CurrentProfilePath: C:\Users\saiki\OneDrive\Desktop\Project_Expense_Tracker\.metadata\.plugins\org.eclipse.swt\EBWebView\Default
2026-09-13 18:05:35.002: [INFO] Profiles total count: 1
2026-09-13 18:05:35.002: [INFO] Profile: name=Profile 1 path=C:\Users\saiki\OneDrive\Desktop\Project_Expense_Tracker\.metadata\.plugins\org.eclipse.swt\EBWebView\Default lastActive=null
2026-09-13 18:05:35.002: [INFO] LastUsedProfileDir: C:\Users\saiki\OneDrive\Desktop\Project_Expense_Tracker\.metadata\.plugins\org.eclipse.swt\EBWebView\Default
2026-09-13 18:05:35.002: [INFO] OnDoneLoading sync enabled: 0
2026-09-13 18:05:35.002: [INFO] BookmarkModelLoaded, ids_reassigned: 0
2026-09-13 18:05:35.002: [INFO] BookmarksLoadDropped droppedNodes=0
2026-09-13 18:05:35.002: [INFO] BookmarksSnapshot Startup total=0 bar=0 other=0 mobile=0 showBar=0 showBarNTP=1
2026-09-13 18:05:42.219: [INFO] BookmarksSnapshot Shutdown total=0 bar=0 other=0 mobile=0 showBar=0 showBarNTP=1
2026-09-13 18:05:54.935: [INFO] CurrentProfilePath: C:\Users\saiki\OneDrive\Desktop\Project_Expense_Tracker\.metadata\.plugins\org.eclipse.swt\EBWebView\Default
2026-09-13 18:05:54.936: [INFO] Profiles total count: 1
2026-09-13 18:05:54.936: [INFO] Profile: name=Profile 1 path=C:\Users\saiki\OneDrive\Desktop\Project_Expense_Tracker\.metadata\.plugins\org.eclipse.swt\EBWebView\Default lastActive=2026-09-13T18:05:37.717Z
2026-09-13 18:05:54.936: [INFO] LastUsedProfileDir: C:\Users\saiki\OneDrive\Desktop\Project_Expense_Tracker\.metadata\.plugins\org.eclipse.swt\EBWebView\Default
2026-09-13 18:05:54.936: [INFO] MostRecentlyActiveProfile: name=Profile 1 path=C:\Users\saiki\OneDrive\Desktop\Project_Expense_Tracker\.metadata\.plugins\org.eclipse.swt\EBWebView\Default lastActive=2026-09-13T18:05:37.717Z
2026-09-13 18:05:54.936: [INFO] OnDoneLoading sync enabled: 0
2026-09-13 18:05:54.936: [INFO] BookmarkModelLoaded, ids_reassigned: 0
2026-09-13 18:05:54.936: [INFO] BookmarksLoadDropped droppedNodes=0
2026-09-13 18:05:54.936: [INFO] BookmarksSnapshot Startup total=0 bar=0 other=0 mobile=0 showBar=0 showBarNTP=1
2026-09-13 19:51:44.826: [INFO] BookmarksSnapshot Shutdown total=0 bar=0 other=0 mobile=0 showBar=0 showBarNTP=1
2026-09-16 04:01:20.162: [INFO] CurrentProfilePath: C:\Users\saiki\OneDrive\Desktop\Project_Expense_Tracker\.metadata\.plugins\org.eclipse.swt\EBWebView\Default
2026-09-16 04:01:20.162: [INFO] Profiles total count: 1
2026-09-16 04:01:20.162: [INFO] Profile: name=Profile 1 path=C:\Users\saiki\OneDrive\Desktop\Project_Expense_Tracker\.metadata\.plugins\org.eclipse.swt\EBWebView\Default lastActive=2026-09-13T19:07:12.377Z
2026-09-16 04:01:20.162: [INFO] LastUsedProfileDir: C:\Users\saiki\OneDrive\Desktop\Project_Expense_Tracker\.metadata\.plugins\org.eclipse.swt\EBWebView\Default
2026-09-16 04:01:20.162: [INFO] MostRecentlyActiveProfile: name=Profile 1 path=C:\Users\saiki\OneDrive\Desktop\Project_Expense_Tracker\.metadata\.plugins\org.eclipse.swt\EBWebView\Default lastActive=2026-09-13T19:07:12.377Z
2026-09-16 04:01:20.162: [INFO] OnDoneLoading sync enabled: 0
2026-09-16 04:01:20.162: [INFO] BookmarkModelLoaded, ids_reassigned: 0
2026-09-16 04:01:20.162: [INFO] BookmarksLoadDropped droppedNodes=0
2026-09-16 04:01:20.162: [INFO] BookmarksSnapshot Startup total=0 bar=0 other=0 mobile=0 showBar=0 showBarNTP=1
2026-09-16 04:03:37.315: [INFO] BookmarksSnapshot Shutdown total=0 bar=0 other=0 mobile=0 showBar=0 showBarNTP=1
2026-09-22 05:36:26.118: [INFO] CurrentProfilePath: C:\Users\saiki\OneDrive\Desktop\Project_Expense_Tracker\.metadata\.plugins\org.eclipse.swt\EBWebView\Default
2026-09-22 05:36:26.118: [INFO] Profiles total count: 1
2026-09-22 05:36:26.118: [INFO] Profile: name=Profile 1 path=C:\Users\saiki\OneDrive\Desktop\Project_Expense_Tracker\.metadata\.plugins\org.eclipse.swt\EBWebView\Default lastActive=2026-09-13T19:07:12.377Z
2026-09-22 05:36:26.118: [INFO] LastUsedProfileDir: C:\Users\saiki\OneDrive\Desktop\Project_Expense_Tracker\.metadata\.plugins\org.eclipse.swt\EBWebView\Default
2026-09-22 05:36:26.119: [INFO] MostRecentlyActiveProfile: name=Profile 1 path=C:\Users\saiki\OneDrive\Desktop\Project_Expense_Tracker\.metadata\.plugins\org.eclipse.swt\EBWebView\Default lastActive=2026-09-13T19:07:12.377Z
2026-09-22 05:36:26.119: [INFO] OnDoneLoading sync enabled: 0
2026-09-22 05:36:26.119: [INFO] BookmarkModelLoaded, ids_reassigned: 0
2026-09-22 05:36:26.119: [INFO] BookmarksLoadDropped droppedNodes=0
2026-09-22 05:36:26.119: [INFO] BookmarksSnapshot Startup total=0 bar=0 other=0 mobile=0 showBar=0 showBarNTP=1
2026-09-22 05:44:49.803: [INFO] BookmarksSnapshot Shutdown total=0 bar=0 other=0 mobile=0 showBar=0 showBarNTP=1
2026-09-25 17:13:09.735: [INFO] CurrentProfilePath: C:\Users\saiki\OneDrive\Desktop\Project_Expense_Tracker\.metadata\.plugins\org.eclipse.swt\EBWebView\Default
2026-09-25 17:13:09.735: [INFO] Profiles total count: 1
2026-09-25 17:13:09.735: [INFO] Profile: name=Profile 1 path=C:\Users\saiki\OneDrive\Desktop\Project_Expense_Tracker\.metadata\.plugins\org.eclipse.swt\EBWebView\Default lastActive=2026-09-13T19:07:12.377Z
2026-09-25 17:13:09.735: [INFO] LastUsedProfileDir: C:\Users\saiki\OneDrive\Desktop\Project_Expense_Tracker\.metadata\.plugins\org.eclipse.swt\EBWebView\Default
2026-09-25 17:13:09.735: [INFO] MostRecentlyActiveProfile: name=Profile 1 path=C:\Users\saiki\OneDrive\Desktop\Project_Expense_Tracker\.metadata\.plugins\org.eclipse.swt\EBWebView\Default lastActive=2026-09-13T19:07:12.377Z
2026-09-25 17:13:09.735: [INFO] OnDoneLoading sync enabled: 0
2026-09-25 17:13:09.735: [INFO] BookmarkModelLoaded, ids_reassigned: 0
2026-09-25 17:13:09.735: [INFO] BookmarksLoadDropped droppedNodes=0
2026-09-25 17:13:09.735: [INFO] BookmarksSnapshot Startup total=0 bar=0 other=0 mobile=0 showBar=0 showBarNTP=1
2026-09-25 18:30:51.904: [INFO] BookmarksSnapshot Shutdown total=0 bar=0 other=0 mobile=0 showBar=0 showBarNTP=1
2026-09-25 18:35:05.950: [INFO] CurrentProfilePath: C:\Users\saiki\OneDrive\Desktop\Project_Expense_Tracker\.metadata\.plugins\org.eclipse.swt\EBWebView\Default
2026-09-25 18:35:05.950: [INFO] Profiles total count: 1
2026-09-25 18:35:05.950: [INFO] Profile: name=Profile 1 path=C:\Users\saiki\OneDrive\Desktop\Project_Expense_Tracker\.metadata\.plugins\org.eclipse.swt\EBWebView\Default lastActive=2026-09-13T19:07:12.377Z
2026-09-25 18:35:05.950: [INFO] LastUsedProfileDir: C:\Users\saiki\OneDrive\Desktop\Project_Expense_Tracker\.metadata\.plugins\org.eclipse.swt\EBWebView\Default
2026-09-25 18:35:05.951: [INFO] MostRecentlyActiveProfile: name=Profile 1 path=C:\Users\saiki\OneDrive\Desktop\Project_Expense_Tracker\.metadata\.plugins\org.eclipse.swt\EBWebView\Default lastActive=2026-09-13T19:07:12.377Z
2026-09-25 18:35:05.951: [INFO] OnDoneLoading sync enabled: 0
2026-09-25 18:35:05.951: [INFO] BookmarkModelLoaded, ids_reassigned: 0
2026-09-25 18:35:05.951: [INFO] BookmarksLoadDropped droppedNodes=0
2026-09-25 18:35:05.951: [INFO] BookmarksSnapshot Startup total=0 bar=0 other=0 mobile=0 showBar=0 showBarNTP=1
2026-09-25 18:36:42.909: [INFO] BookmarksSnapshot Shutdown total=0 bar=0 other=0 mobile=0 showBar=0 showBarNTP=1
2026-09-30 15:34:08.960: [INFO] CurrentProfilePath: C:\Users\saiki\OneDrive\Desktop\Project_Expense_Tracker\.metadata\.plugins\org.eclipse.swt\EBWebView\Default
2026-09-30 15:34:08.960: [INFO] Profiles total count: 1
2026-09-30 15:34:08.960: [INFO] Profile: name=Profile 1 path=C:\Users\saiki\OneDrive\Desktop\Project_Expense_Tracker\.metadata\.plugins\org.eclipse.swt\EBWebView\Default lastActive=2026-09-30T15:34:05.541Z
2026-09-30 15:34:08.960: [INFO] LastUsedProfileDir: C:\Users\saiki\OneDrive\Desktop\Project_Expense_Tracker\.metadata\.plugins\org.eclipse.swt\EBWebView\Default
2026-09-30 15:34:08.960: [INFO] MostRecentlyActiveProfile: name=Profile 1 path=C:\Users\saiki\OneDrive\Desktop\Project_Expense_Tracker\.metadata\.plugins\org.eclipse.swt\EBWebView\Default lastActive=2026-09-30T15:34:05.541Z
2026-09-30 15:34:08.960: [INFO] OnDoneLoading sync enabled: 0
2026-09-30 15:34:08.960: [INFO] BookmarkModelLoaded, ids_reassigned: 0
2026-09-30 15:34:08.960: [INFO] BookmarksLoadDropped droppedNodes=0
2026-09-30 15:34:08.960: [INFO] BookmarksSnapshot Startup total=0 bar=0 other=0 mobile=0 showBar=0 showBarNTP=1
2026-09-30 16:27:10.130: [INFO] BookmarksSnapshot Shutdown total=0 bar=0 other=0 mobile=0 showBar=0 showBarNTP=1
2026-09-30 16:27:22.907: [INFO] CurrentProfilePath: C:\Users\saiki\OneDrive\Desktop\Project_Expense_Tracker\.metadata\.plugins\org.eclipse.swt\EBWebView\Default
2026-09-30 16:27:22.907: [INFO] Profiles total count: 1
2026-09-30 16:27:22.907: [INFO] Profile: name=Profile 1 path=C:\Users\saiki\OneDrive\Desktop\Project_Expense_Tracker\.metadata\.plugins\org.eclipse.swt\EBWebView\Default lastActive=2026-09-30T15:34:05.541Z
2026-09-30 16:27:22.907: [INFO] LastUsedProfileDir: C:\Users\saiki\OneDrive\Desktop\Project_Expense_Tracker\.metadata\.plugins\org.eclipse.swt\EBWebView\Default
2026-09-30 16:27:22.907: [INFO] MostRecentlyActiveProfile: name=Profile 1 path=C:\Users\saiki\OneDrive\Desktop\Project_Expense_Tracker\.metadata\.plugins\org.eclipse.swt\EBWebView\Default lastActive=2026-09-30T15:34:05.541Z
2026-09-30 16:27:22.907: [INFO] OnDoneLoading sync enabled: 0
2026-09-30 16:27:22.907: [INFO] BookmarkModelLoaded, ids_reassigned: 0
2026-09-30 16:27:22.907: [INFO] BookmarksLoadDropped droppedNodes=0
2026-09-30 16:27:22.907: [INFO] BookmarksSnapshot Startup total=0 bar=0 other=0 mobile=0 showBar=0 showBarNTP=1
2026-09-30 16:56:21.582: [INFO] BookmarksSnapshot Shutdown total=0 bar=0 other=0 mobile=0 showBar=0 showBarNTP=1
